// Jest Snapshot v1, https://goo.gl/fbAQLP

exports[`<Board /> rendering inital board and win state matches snapshot for full board 1`] = `
<DocumentFragment>
  <div
    class="Board"
  >
    <table
      class="Board-table"
    >
      <tbody>
        <tr>
          <td
            class="Cell Cell-lit"
            role="button"
          />
          <td
            class="Cell Cell-lit"
            role="button"
          />
          <td
            class="Cell Cell-lit"
            role="button"
          />
        </tr>
        <tr>
          <td
            class="Cell Cell-lit"
            role="button"
          />
          <td
            class="Cell Cell-lit"
            role="button"
          />
          <td
            class="Cell Cell-lit"
            role="button"
          />
        </tr>
        <tr>
          <td
            class="Cell Cell-lit"
            role="button"
          />
          <td
            class="Cell Cell-lit"
            role="button"
          />
          <td
            class="Cell Cell-lit"
            role="button"
          />
        </tr>
      </tbody>
    </table>
  </div>
</DocumentFragment>
`;
